{
    "operationStatus": "SUCCESS",
    "operationMessage": "Customer Added"
}
