{
    "operationStatus": "ERROR",
    "operationMessage": "Unable to add Customer - Customer allready exist "
}
