{
  "status": 400,
  "error": "Method Not Allowed"
}
