{
  "operationStatus": "SUCCESS",
  "operationMessage": "Page 2 of 5",
  "first": false,
  "last": false,
  "currentPageNumber": 1,
  "itemsInPage": 1,
  "pageSize": 1,
  "totalPages": 5,
  "totalItems": 5,
  "sort": null,
  "items": [
    {
      "orderId": 4002,
      "employeeId": 204,
      "customerId": 95,
      "orderDate": 1485622800000,
      "shippedDate": 1464368400000,
      "paidDate": 1466960400000,
      "shipName": "Diane Holmes",
      "shipAddress1": "46 Eliot Trail",
      "shipAddress2": null,
      "shipCity": "Virginia Beach",
      "shipState": "Virginia",
      "shipPostalCode": "23459",
      "shipCountry": "United States",
      "shippingFee": 1.5500,
      "paymentType": "Check",
      "orderStatus": "Shipped",
      "customerName": "Alan Carter",
      "customerPhone": "1-(952)234-1678",
      "customerEmail": "acarter2m@simplemachines.org",
      "customerCompany": "Centizu",
      "employeeName": "Laura Alvarez",
      "employeeDepartment": "Health",
      "employeeJobTitle": "Computer Systems Analyst II"
    }
  ]
}
