{
  "operationStatus": "SUCCESS",
  "operationMessage": "Page 1 of 1",
  "first": true,
  "last": true,
  "currentPageNumber": 0,
  "itemsInPage": 1,
  "pageSize": 20,
  "totalPages": 1,
  "totalItems": 1,
  "sort": null,
  "items": [
    {
      "orderId": 4001,
      "employeeId": 204,
      "customerId": 40,
      "orderDate": 1459789200000,
      "shippedDate": 1478365200000,
      "paidDate": 1476205200000,
      "shipName": "Jean Fuller",
      "shipAddress1": "93 Spohn Place",
      "shipAddress2": null,
      "shipCity": "Manggekompo",
      "shipState": null,
      "shipPostalCode": null,
      "shipCountry": "Indonesia",
      "shippingFee": 8.1400,
      "paymentType": "Card",
      "orderStatus": "On Hold",
      "customerName": "Sean Sanchez",
      "customerPhone": "1-(316)535-7647",
      "customerEmail": "ssanchez13@bandcamp.com",
      "customerCompany": "Chatterpoint",
      "employeeName": "Laura Alvarez",
      "employeeDepartment": "Health",
      "employeeJobTitle": "Computer Systems Analyst II"
    }
  ]
}
