{
  "operationStatus": "SUCCESS",
  "operationMessage": "Page 1 of 1",
  "first": true,
  "last": true,
  "currentPageNumber": 0,
  "itemsInPage": 5,
  "pageSize": 20,
  "totalPages": 1,
  "totalItems": 5,
  "sort": null,
  "items": [
    {
      "orderId": 4001,
      "employeeId": 204,
      "customerId": 40,
      "orderDate": 1459789200000,
      "shippedDate": 1478365200000,
      "paidDate": 1476205200000,
      "shipName": "Jean Fuller",
      "shipAddress1": "93 Spohn Place",
      "shipAddress2": null,
      "shipCity": "Manggekompo",
      "shipState": null,
      "shipPostalCode": null,
      "shipCountry": "Indonesia",
      "shippingFee": 8.1400,
      "paymentType": "Card",
      "orderStatus": "On Hold",
      "customerName": "Sean Sanchez",
      "customerPhone": "1-(316)535-7647",
      "customerEmail": "ssanchez13@bandcamp.com",
      "customerCompany": "Chatterpoint",
      "employeeName": "Laura Alvarez",
      "employeeDepartment": "Health",
      "employeeJobTitle": "Computer Systems Analyst II"
    },
    {
      "orderId": 4002,
      "employeeId": 204,
      "customerId": 95,
      "orderDate": 1485622800000,
      "shippedDate": 1464368400000,
      "paidDate": 1466960400000,
      "shipName": "Diane Holmes",
      "shipAddress1": "46 Eliot Trail",
      "shipAddress2": null,
      "shipCity": "Virginia Beach",
      "shipState": "Virginia",
      "shipPostalCode": "23459",
      "shipCountry": "United States",
      "shippingFee": 1.5500,
      "paymentType": "Check",
      "orderStatus": "Shipped",
      "customerName": "Alan Carter",
      "customerPhone": "1-(952)234-1678",
      "customerEmail": "acarter2m@simplemachines.org",
      "customerCompany": "Centizu",
      "employeeName": "Laura Alvarez",
      "employeeDepartment": "Health",
      "employeeJobTitle": "Computer Systems Analyst II"
    },
    {
      "orderId": 4003,
      "employeeId": 218,
      "customerId": 54,
      "orderDate": 1471539600000,
      "shippedDate": 1481130000000,
      "paidDate": 1474909200000,
      "shipName": "Jerry Frazier",
      "shipAddress1": "23 Sundown Junction",
      "shipAddress2": null,
      "shipCity": "Obodivka",
      "shipState": null,
      "shipPostalCode": null,
      "shipCountry": "Ukraine",
      "shippingFee": 2.2900,
      "paymentType": "Cash",
      "orderStatus": "On Hold",
      "customerName": "Lisa Mitchell",
      "customerPhone": "1-(225)794-6979",
      "customerEmail": "lmitchell1h@live.com",
      "customerCompany": "Trudoo",
      "employeeName": "Frances Jenkins",
      "employeeDepartment": "Baby",
      "employeeJobTitle": "Developer IV"
    },
    {
      "orderId": 4004,
      "employeeId": 204,
      "customerId": 69,
      "orderDate": 1474736400000,
      "shippedDate": 1482512400000,
      "paidDate": 1467565200000,
      "shipName": "Denise Freeman",
      "shipAddress1": "4909 Beilfuss Hill",
      "shipAddress2": null,
      "shipCity": "Nova Ven√©cia",
      "shipState": null,
      "shipPostalCode": "29830-000",
      "shipCountry": "Brazil",
      "shippingFee": 4.7700,
      "paymentType": "Check",
      "orderStatus": "New",
      "customerName": "Robert Willis",
      "customerPhone": "1-(678)738-3382",
      "customerEmail": "rwillis1w@si.edu",
      "customerCompany": "Tazz",
      "employeeName": "Laura Alvarez",
      "employeeDepartment": "Health",
      "employeeJobTitle": "Computer Systems Analyst II"
    },
    {
      "orderId": 4005,
      "employeeId": 215,
      "customerId": 10,
      "orderDate": 1489424400000,
      "shippedDate": 1458320400000,
      "paidDate": 1458579600000,
      "shipName": "Jonathan Gordon",
      "shipAddress1": "7 Ludington Court",
      "shipAddress2": null,
      "shipCity": "Sukamaju",
      "shipState": null,
      "shipPostalCode": null,
      "shipCountry": "Indonesia",
      "shippingFee": 8.7800,
      "paymentType": "Check",
      "orderStatus": "On Hold",
      "customerName": "Tina Owens",
      "customerPhone": "1-(712)989-9002",
      "customerEmail": "towens9@earthlink.net",
      "customerCompany": "Blogtag",
      "employeeName": "Jessica Gilbert",
      "employeeDepartment": "Baby",
      "employeeJobTitle": "Account Executive"
    }
  ]
}
