{
  "operationStatus": "SUCCESS",
  "operationMessage": "Page 1 of 1",
  "first": true,
  "last": true,
  "currentPageNumber": 0,
  "itemsInPage": 1,
  "pageSize": 20,
  "totalPages": 1,
  "totalItems": 1,
  "sort": null,
  "items": [
    {
      "orderId": 4003,
      "employeeId": 218,
      "customerId": 54,
      "orderDate": 1471539600000,
      "shippedDate": 1481130000000,
      "paidDate": 1474909200000,
      "shipName": "Jerry Frazier",
      "shipAddress1": "23 Sundown Junction",
      "shipAddress2": null,
      "shipCity": "Obodivka",
      "shipState": null,
      "shipPostalCode": null,
      "shipCountry": "Ukraine",
      "shippingFee": 2.2900,
      "paymentType": "Cash",
      "orderStatus": "On Hold",
      "customerName": "Lisa Mitchell",
      "customerPhone": "1-(225)794-6979",
      "customerEmail": "lmitchell1h@live.com",
      "customerCompany": "Trudoo",
      "employeeName": "Frances Jenkins",
      "employeeDepartment": "Baby",
      "employeeJobTitle": "Developer IV"
    }
  ]
}
