{
  "operationStatus": "SUCCESS",
  "operationMessage": "Page 1 of 1",
  "first": true,
  "last": true,
  "currentPageNumber": 0,
  "itemsInPage": 1,
  "pageSize": 20,
  "totalPages": 1,
  "totalItems": 1,
  "sort": null,
  "items": [
    {
      "orderId": 4005,
      "employeeId": 215,
      "customerId": 10,
      "orderDate": 1489424400000,
      "shippedDate": 1458320400000,
      "paidDate": 1458579600000,
      "shipName": "Jonathan Gordon",
      "shipAddress1": "7 Ludington Court",
      "shipAddress2": null,
      "shipCity": "Sukamaju",
      "shipState": null,
      "shipPostalCode": null,
      "shipCountry": "Indonesia",
      "shippingFee": 8.7800,
      "paymentType": "Check",
      "orderStatus": "On Hold",
      "customerName": "Tina Owens",
      "customerPhone": "1-(712)989-9002",
      "customerEmail": "towens9@earthlink.net",
      "customerCompany": "Blogtag",
      "employeeName": "Jessica Gilbert",
      "employeeDepartment": "Baby",
      "employeeJobTitle": "Account Executive"
    }
  ]
}
