{
  "status": 400,
  "error": "Constraint Violation of Resource"
}
