{
  "operationStatus": "SUCCESS",
  "operationMessage": "Employee Deleted"
}
