{
  "operationStatus": "ERROR",
  "operationMessage": "No Employee Exist"
}
