{
  "operationStatus": "SUCCESS",
  "operationMessage": "Orders by  order_status ",
  "items": [
    {
      "name": "Complete",
      "value": 4
    },
    {
      "name": "New",
      "value": 6
    },
    {
      "name": "Shipped",
      "value": 3
    },
    {
      "name": "On Hold",
      "value": 7
    }
  ]
}
