{
  "status": 404,
  "error": "Not Found",
  "message": "No message available",
  "path": "/api/order-stats/"
}
