{
  "accountId": "1",
  "balance": "1000$",
  "status": "SUCCESS",
  "transactionId": "1234567890",
  "amount": "900",
  "errorCode": null
}
