{
  "status": 400,
  "error": "BANKING_INTERNAL_ERROR"
}
