{
  "status": 405,
  "error": "Method Not Allowed"
}
