{
  "operationStatus": "SUCCESS",
  "operationMessage": "Customer Deleted"
}
