{
  "operationStatus": "ERROR",
  "operationMessage": "No Customer Exist"
}
