{
    "operationStatus": "SUCCESS",
    "operationMessage": "Employee Added"
}
