{
    "status": 400,
    "error": "Bad request data"
}
