{
    "operationStatus": "ERROR",
    "operationMessage": "Unable to add Employee - Employee allready exist "
}
