{
  "operationStatus": "ERROR",
  "operationMessage": "Unable to update Resource - Resource is not existed"
}
