{
  "timestamp": 1687945460368,
  "status": 404,
  "error": "Not Found",
  "message": "No message available",
  "path": "/api/Employee/"
}
