{
  "operationStatus": "SUCCESS",
  "operationMessage": "Page 1 of 1",
  "first": true,
  "last": true,
  "currentPageNumber": 0,
  "itemsInPage": 3,
  "pageSize": 20,
  "totalPages": 1,
  "totalItems": 3,
  "sort": null,
  "items": [
    {
      "id": 201,
      "lastName": "Harris",
      "firstName": "George",
      "email": "gharris0@pagesperso-orange.fr",
      "avatar": "https://robohash.org/modilaboriosammolestiae.bmp?size=50x50&set=set1",
      "jobTitle": "Administrative Assistant I",
      "department": "Toys",
      "managerId": null,
      "phone": "1-(210)270-8536",
      "address1": "2 Bayside Drive",
      "address2": null,
      "city": "San Antonio",
      "state": "Texas",
      "postalCode": "78240",
      "country": "United States"
    },
    {
      "id": 202,
      "lastName": "Hayes",
      "firstName": "Rachel",
      "email": "rhayes1@si.edu",
      "avatar": "https://robohash.org/seddistinctiodolorem.jpg?size=50x50&set=set1",
      "jobTitle": "Design Engineer",
      "department": "Books",
      "managerId": null,
      "phone": "1-(971)797-2729",
      "address1": "30 Anhalt Street",
      "address2": null,
      "city": "Portland",
      "state": "Oregon",
      "postalCode": "97232",
      "country": "United States"
    },
    {
      "id": 203,
      "lastName": "Palmer",
      "firstName": "Anthony",
      "email": "apalmer2@posterous.com",
      "avatar": "https://robohash.org/vitaererumdolore.png?size=50x50&set=set1",
      "jobTitle": "Health Coach II",
      "department": "Toys",
      "managerId": null,
      "phone": "1-(702)984-2108",
      "address1": "02809 4th Pass",
      "address2": null,
      "city": "North Las Vegas",
      "state": "Nevada",
      "postalCode": "89036",
      "country": "United States"
    }
  ]
}
