{
  "operationStatus": "SUCCESS",
  "operationMessage": "Page 1 of 1",
  "first": true,
  "last": true,
  "currentPageNumber": 0,
  "itemsInPage": 3,
  "pageSize": 20,
  "totalPages": 1,
  "totalItems": 3,
  "sort": null,
  "items": [
    {
      "id": 1,
      "lastName": "Nhi",
      "firstName": "Pham",
      "email": "cgray0@rambler.ru",
      "company": "Jetpulse",
      "phone": "1-(260)615-5114",
      "address1": "02937 Merrick Avenue",
      "address2": null,
      "city": "Fort Wayne",
      "state": "Indiana",
      "postalCode": "46805",
      "country": "United States",
      "balance": null
    },
    {
      "id": 2,
      "lastName": "Doan",
      "firstName": "Nguyen",
      "email": "ecooper1@macromedia.com",
      "company": "Skippad",
      "phone": "1-(251)614-5034",
      "address1": "60 Forster Crossing",
      "address2": null,
      "city": "Mobile",
      "state": "Alabama",
      "postalCode": "36605",
      "country": "United States",
      "balance": null
    },
    {
      "id": 3,
      "lastName": "Vy",
      "firstName": "Pham",
      "email": "ecooper1@macromedia.com",
      "company": "Skippad",
      "phone": "1-(251)614-5034",
      "address1": "60 Forster Crossing",
      "address2": null,
      "city": "Mobile",
      "state": "Alabama",
      "postalCode": "36605",
      "country": "United States",
      "balance": null
    }
  ]
}
