{
  "operationStatus": "SUCCESS",
  "operationMessage": "Total 1 items ",
  "first": true,
  "last": true,
  "currentPageNumber": 0,
  "itemsInPage": 1,
  "pageSize": 1,
  "totalPages": 1,
  "totalItems": 1,
  "sort": null,
  "items": [
    {
      "id": 4005,
      "employeeId": 215,
      "customerId": 10,
      "orderDate": 1489424400000,
      "shippedDate": 1458320400000,
      "paidDate": 1458579600000,
      "shipName": "Jonathan Gordon",
      "shipAddress1": "7 Ludington Court",
      "shipAddress2": null,
      "shipCity": "Sukamaju",
      "shipState": null,
      "shipPostalCode": null,
      "shipCountry": "Indonesia",
      "shippingFee": 8.7800,
      "paymentType": "Check",
      "orderStatus": "On Hold",
      "customerName": "Tina Owens",
      "customerEmail": "towens9@earthlink.net",
      "customerCompany": null,
      "orderLine": [
        {
          "productId": 618,
          "productCode": "P18",
          "productName": "Samsung Galaxy S7",
          "category": "Phone",
          "quantity": 1.0000,
          "unitPrice": 10.0000,
          "discount": 1.0000,
          "dateAllocated": 1481648400000,
          "orderItemStatus": "No Stock"
        },
        {
          "productId": 619,
          "productCode": "P19",
          "productName": "Samasung Note",
          "category": "Tablet",
          "quantity": 1.0000,
          "unitPrice": 10.0000,
          "discount": 1.0000,
          "dateAllocated": 1481648400000,
          "orderItemStatus": "No Stock"
        },
        {
          "productId": 620,
          "productCode": "P20",
          "productName": "Chromebook 11.6",
          "category": "Laptop",
          "quantity": 2.0000,
          "unitPrice": 10.0000,
          "discount": 1.0000,
          "dateAllocated": 1481648400000,
          "orderItemStatus": "No Stock"
        }
      ]
    }
  ]
}
