{
  "operationStatus": "SUCCESS",
  "operationMessage": "Resource Updated"
}
