{
  "status": 400,
  "error": "Bad request data",
  "message": "RequestBody is valid"
}
